2025-06-16 16:09:59,816 [Worker-5: Loading available Gradle versions] INFO  o.e.b.c.i.u.g.PublishedGradleVersions - Gradle version information cache is up-to-date. Trying to read.
2025-06-16 16:13:22,030 [main] INFO  o.e.m.c.i.p.ProjectConfigurationManager - Update started
2025-06-16 16:13:22,768 [main] INFO  o.e.m.c.i.l.LifecycleMappingFactory - Using org.maven.ide.eclipse.wtp.WarLifecycleMapping lifecycle mapping for MavenProject: com.somplecoding:ServiceExam:1.0.0 @ C:\Work\06_Service\ServiceExam\pom.xml.
2025-06-16 16:13:24,177 [main] INFO  o.e.m.j.i.AbstractJavaProjectConfigurator - Adding source folder /ServiceExam/src/main/java
2025-06-16 16:13:24,178 [main] INFO  o.e.m.j.i.AbstractJavaProjectConfigurator - Adding resource folder /ServiceExam/src/main/resources
2025-06-16 16:13:24,182 [main] INFO  o.e.m.j.i.AbstractJavaProjectConfigurator - Adding source folder /ServiceExam/src/test/java
2025-06-16 16:13:24,182 [main] INFO  o.e.m.j.i.AbstractJavaProjectConfigurator - Adding resource folder /ServiceExam/src/test/resources
2025-06-16 16:13:25,880 [main] INFO  o.e.m.w.i.f.ResourceFilteringBuildParticipant - Cleaning filtered folder for ServiceExam
2025-06-16 16:13:25,907 [main] INFO  o.e.m.c.i.p.ProjectConfigurationManager - Update completed: 3 sec
2025-06-16 16:13:26,581 [Worker-40: Building] WARN  o.e.m.c.i.embedder.EclipseLogger - Using platform encoding (UTF-8 actually) to copy filtered resources, i.e. build is platform dependent!
2025-06-16 16:13:26,596 [Worker-40: Building] INFO  o.e.m.c.i.embedder.EclipseLogger - Copying 18 resources
2025-06-16 16:13:26,646 [Worker-40: Building] WARN  o.e.m.c.i.embedder.EclipseLogger - Using platform encoding (UTF-8 actually) to copy filtered resources, i.e. build is platform dependent!
2025-06-16 16:13:26,647 [Worker-40: Building] INFO  o.e.m.c.i.embedder.EclipseLogger - Copying 0 resource
2025-06-16 16:13:26,648 [Worker-40: Building] INFO  o.e.m.w.i.f.ResourceFilteringBuildParticipant - Changed resources require a complete clean of filtered resources of ServiceExam
2025-06-16 16:13:26,650 [Worker-40: Building] INFO  o.e.m.w.i.f.ResourceFilteringBuildParticipant - Executing resource filtering for ServiceExam
2025-06-16 16:13:26,660 [Worker-40: Building] WARN  o.e.m.c.i.embedder.EclipseLogger - Using platform encoding (UTF-8 actually) to copy filtered resources, i.e. build is platform dependent!
2025-06-16 16:13:27,339 [Worker-46: Updating Maven Dependencies] INFO  o.e.m.c.i.l.LifecycleMappingFactory - Using org.maven.ide.eclipse.wtp.WarLifecycleMapping lifecycle mapping for MavenProject: com.somplecoding:ServiceExam:1.0.0 @ C:\Work\06_Service\ServiceExam\pom.xml.
2025-06-16 16:13:31,289 [Worker-40: Building] WARN  o.e.m.c.i.embedder.EclipseLogger - Using platform encoding (UTF-8 actually) to copy filtered resources, i.e. build is platform dependent!
2025-06-16 16:13:31,291 [Worker-40: Building] INFO  o.e.m.c.i.embedder.EclipseLogger - Copying 0 resource
2025-06-16 16:13:31,293 [Worker-40: Building] WARN  o.e.m.c.i.embedder.EclipseLogger - Using platform encoding (UTF-8 actually) to copy filtered resources, i.e. build is platform dependent!
2025-06-16 16:13:31,293 [Worker-40: Building] INFO  o.e.m.c.i.embedder.EclipseLogger - Copying 0 resource
2025-06-17 09:00:38,490 [Worker-4: Loading available Gradle versions] INFO  o.e.b.c.i.u.g.PublishedGradleVersions - Gradle version information cache is out-of-date. Trying to update.
2025-06-17 10:23:53,726 [Worker-61: Building] WARN  o.e.m.c.i.embedder.EclipseLogger - Using platform encoding (UTF-8 actually) to copy filtered resources, i.e. build is platform dependent!
2025-06-17 10:23:53,731 [Worker-61: Building] INFO  o.e.m.c.i.embedder.EclipseLogger - Copying 18 resources
2025-06-17 10:23:53,738 [Worker-61: Building] WARN  o.e.m.c.i.embedder.EclipseLogger - Using platform encoding (UTF-8 actually) to copy filtered resources, i.e. build is platform dependent!
2025-06-17 10:23:53,739 [Worker-61: Building] INFO  o.e.m.c.i.embedder.EclipseLogger - Copying 0 resource
2025-06-17 10:27:55,474 [Worker-56: Building] INFO  o.e.m.c.i.l.LifecycleMappingFactory - Using org.maven.ide.eclipse.wtp.WarLifecycleMapping lifecycle mapping for MavenProject: com.somplecoding:ServiceExam:1.0.0 @ C:\Work\06_Service\ServiceExam\pom.xml.
2025-06-17 10:27:56,585 [Worker-56: Building] WARN  o.e.m.c.i.embedder.EclipseLogger - Using platform encoding (UTF-8 actually) to copy filtered resources, i.e. build is platform dependent!
2025-06-17 10:27:56,587 [Worker-56: Building] INFO  o.e.m.c.i.embedder.EclipseLogger - Copying 0 resource
2025-06-17 10:27:56,588 [Worker-56: Building] WARN  o.e.m.c.i.embedder.EclipseLogger - Using platform encoding (UTF-8 actually) to copy filtered resources, i.e. build is platform dependent!
2025-06-17 10:27:56,588 [Worker-56: Building] INFO  o.e.m.c.i.embedder.EclipseLogger - Copying 0 resource
2025-06-17 10:27:56,590 [Worker-56: Building] INFO  o.e.m.w.i.f.ResourceFilteringBuildParticipant - Changed resources require a complete clean of filtered resources of ServiceExam
2025-06-17 10:27:56,590 [Worker-56: Building] INFO  o.e.m.w.i.f.ResourceFilteringBuildParticipant - Executing resource filtering for ServiceExam
2025-06-17 10:27:56,593 [Worker-56: Building] WARN  o.e.m.c.i.embedder.EclipseLogger - Using platform encoding (UTF-8 actually) to copy filtered resources, i.e. build is platform dependent!
2025-06-17 10:27:57,957 [Worker-68: Building] WARN  o.e.m.c.i.embedder.EclipseLogger - Using platform encoding (UTF-8 actually) to copy filtered resources, i.e. build is platform dependent!
2025-06-17 10:27:57,961 [Worker-68: Building] INFO  o.e.m.c.i.embedder.EclipseLogger - Copying 18 resources
2025-06-17 10:27:58,024 [Worker-68: Building] WARN  o.e.m.c.i.embedder.EclipseLogger - Using platform encoding (UTF-8 actually) to copy filtered resources, i.e. build is platform dependent!
2025-06-17 10:27:58,025 [Worker-68: Building] INFO  o.e.m.c.i.embedder.EclipseLogger - Copying 0 resource
2025-06-17 10:28:35,894 [Worker-65: Updating Maven Project] INFO  o.e.m.c.i.p.ProjectConfigurationManager - Update started
2025-06-17 10:28:36,040 [Worker-65: Updating Maven Project] INFO  o.e.m.c.i.l.LifecycleMappingFactory - Using org.maven.ide.eclipse.wtp.WarLifecycleMapping lifecycle mapping for MavenProject: com.somplecoding:ServiceExam:1.0.0 @ C:\Work\06_Service\ServiceExam\pom.xml.
2025-06-17 10:28:36,305 [Worker-65: Updating Maven Project] INFO  o.e.m.j.i.AbstractJavaProjectConfigurator - Adding source folder /ServiceExam/src/main/java
2025-06-17 10:28:36,305 [Worker-65: Updating Maven Project] INFO  o.e.m.j.i.AbstractJavaProjectConfigurator - Adding resource folder /ServiceExam/src/main/resources
2025-06-17 10:28:36,305 [Worker-65: Updating Maven Project] INFO  o.e.m.j.i.AbstractJavaProjectConfigurator - Adding source folder /ServiceExam/src/test/java
2025-06-17 10:28:36,305 [Worker-65: Updating Maven Project] INFO  o.e.m.j.i.AbstractJavaProjectConfigurator - Adding resource folder /ServiceExam/src/test/resources
2025-06-17 10:28:36,556 [Worker-65: Updating Maven Project] INFO  o.e.m.w.i.f.ResourceFilteringBuildParticipant - Cleaning filtered folder for ServiceExam
2025-06-17 10:28:36,558 [Worker-65: Updating Maven Project] INFO  o.e.m.c.i.p.ProjectConfigurationManager - Update completed: 0 sec
2025-06-17 10:28:37,283 [Worker-67: Building] WARN  o.e.m.c.i.embedder.EclipseLogger - Using platform encoding (UTF-8 actually) to copy filtered resources, i.e. build is platform dependent!
2025-06-17 10:28:37,284 [Worker-67: Building] INFO  o.e.m.c.i.embedder.EclipseLogger - Copying 18 resources
2025-06-17 10:28:37,331 [Worker-67: Building] WARN  o.e.m.c.i.embedder.EclipseLogger - Using platform encoding (UTF-8 actually) to copy filtered resources, i.e. build is platform dependent!
2025-06-17 10:28:37,332 [Worker-67: Building] INFO  o.e.m.c.i.embedder.EclipseLogger - Copying 0 resource
2025-06-17 10:28:37,332 [Worker-67: Building] INFO  o.e.m.w.i.f.ResourceFilteringBuildParticipant - Changed resources require a complete clean of filtered resources of ServiceExam
2025-06-17 10:28:37,332 [Worker-67: Building] INFO  o.e.m.w.i.f.ResourceFilteringBuildParticipant - Executing resource filtering for ServiceExam
2025-06-17 10:28:37,335 [Worker-67: Building] WARN  o.e.m.c.i.embedder.EclipseLogger - Using platform encoding (UTF-8 actually) to copy filtered resources, i.e. build is platform dependent!
2025-06-17 10:31:27,535 [Worker-70: Building] WARN  o.e.m.c.i.embedder.EclipseLogger - Using platform encoding (UTF-8 actually) to copy filtered resources, i.e. build is platform dependent!
2025-06-17 10:31:27,537 [Worker-70: Building] INFO  o.e.m.c.i.embedder.EclipseLogger - Copying 18 resources
2025-06-17 10:31:27,539 [Worker-70: Building] WARN  o.e.m.c.i.embedder.EclipseLogger - Using platform encoding (UTF-8 actually) to copy filtered resources, i.e. build is platform dependent!
2025-06-17 10:31:27,539 [Worker-70: Building] INFO  o.e.m.c.i.embedder.EclipseLogger - Copying 0 resource
2025-06-17 10:31:50,693 [Worker-70: Building] WARN  o.e.m.c.i.embedder.EclipseLogger - Using platform encoding (UTF-8 actually) to copy filtered resources, i.e. build is platform dependent!
2025-06-17 10:31:50,694 [Worker-70: Building] INFO  o.e.m.c.i.embedder.EclipseLogger - Copying 18 resources
2025-06-17 10:31:50,695 [Worker-70: Building] WARN  o.e.m.c.i.embedder.EclipseLogger - Using platform encoding (UTF-8 actually) to copy filtered resources, i.e. build is platform dependent!
2025-06-17 10:31:50,696 [Worker-70: Building] INFO  o.e.m.c.i.embedder.EclipseLogger - Copying 0 resource
2025-06-17 10:31:55,845 [Worker-72: Building] WARN  o.e.m.c.i.embedder.EclipseLogger - Using platform encoding (UTF-8 actually) to copy filtered resources, i.e. build is platform dependent!
2025-06-17 10:31:55,846 [Worker-72: Building] INFO  o.e.m.c.i.embedder.EclipseLogger - Copying 18 resources
2025-06-17 10:31:55,849 [Worker-72: Building] WARN  o.e.m.c.i.embedder.EclipseLogger - Using platform encoding (UTF-8 actually) to copy filtered resources, i.e. build is platform dependent!
2025-06-17 10:31:55,850 [Worker-72: Building] INFO  o.e.m.c.i.embedder.EclipseLogger - Copying 0 resource
2025-06-17 10:32:05,169 [Worker-56: Building] WARN  o.e.m.c.i.embedder.EclipseLogger - Using platform encoding (UTF-8 actually) to copy filtered resources, i.e. build is platform dependent!
2025-06-17 10:32:05,172 [Worker-56: Building] INFO  o.e.m.c.i.embedder.EclipseLogger - Copying 18 resources
2025-06-17 10:32:05,174 [Worker-56: Building] WARN  o.e.m.c.i.embedder.EclipseLogger - Using platform encoding (UTF-8 actually) to copy filtered resources, i.e. build is platform dependent!
2025-06-17 10:32:05,174 [Worker-56: Building] INFO  o.e.m.c.i.embedder.EclipseLogger - Copying 0 resource
2025-06-17 10:32:22,874 [Worker-56: Building] WARN  o.e.m.c.i.embedder.EclipseLogger - Using platform encoding (UTF-8 actually) to copy filtered resources, i.e. build is platform dependent!
2025-06-17 10:32:22,875 [Worker-56: Building] INFO  o.e.m.c.i.embedder.EclipseLogger - Copying 18 resources
2025-06-17 10:32:22,876 [Worker-56: Building] WARN  o.e.m.c.i.embedder.EclipseLogger - Using platform encoding (UTF-8 actually) to copy filtered resources, i.e. build is platform dependent!
2025-06-17 10:32:22,878 [Worker-56: Building] INFO  o.e.m.c.i.embedder.EclipseLogger - Copying 0 resource
2025-06-17 10:33:31,399 [Worker-73: Building] WARN  o.e.m.c.i.embedder.EclipseLogger - Using platform encoding (UTF-8 actually) to copy filtered resources, i.e. build is platform dependent!
2025-06-17 10:33:31,401 [Worker-73: Building] INFO  o.e.m.c.i.embedder.EclipseLogger - Copying 18 resources
2025-06-17 10:33:31,402 [Worker-73: Building] WARN  o.e.m.c.i.embedder.EclipseLogger - Using platform encoding (UTF-8 actually) to copy filtered resources, i.e. build is platform dependent!
2025-06-17 10:33:31,404 [Worker-73: Building] INFO  o.e.m.c.i.embedder.EclipseLogger - Copying 0 resource
2025-06-17 10:33:41,291 [Worker-73: Building] WARN  o.e.m.c.i.embedder.EclipseLogger - Using platform encoding (UTF-8 actually) to copy filtered resources, i.e. build is platform dependent!
2025-06-17 10:33:41,292 [Worker-73: Building] INFO  o.e.m.c.i.embedder.EclipseLogger - Copying 18 resources
2025-06-17 10:33:41,293 [Worker-73: Building] WARN  o.e.m.c.i.embedder.EclipseLogger - Using platform encoding (UTF-8 actually) to copy filtered resources, i.e. build is platform dependent!
2025-06-17 10:33:41,294 [Worker-73: Building] INFO  o.e.m.c.i.embedder.EclipseLogger - Copying 0 resource
2025-06-17 10:34:05,521 [Worker-75: Building] WARN  o.e.m.c.i.embedder.EclipseLogger - Using platform encoding (UTF-8 actually) to copy filtered resources, i.e. build is platform dependent!
2025-06-17 10:34:05,523 [Worker-75: Building] INFO  o.e.m.c.i.embedder.EclipseLogger - Copying 18 resources
2025-06-17 10:34:05,524 [Worker-75: Building] WARN  o.e.m.c.i.embedder.EclipseLogger - Using platform encoding (UTF-8 actually) to copy filtered resources, i.e. build is platform dependent!
2025-06-17 10:34:05,525 [Worker-75: Building] INFO  o.e.m.c.i.embedder.EclipseLogger - Copying 0 resource
2025-06-17 10:34:12,498 [Worker-74: Building] WARN  o.e.m.c.i.embedder.EclipseLogger - Using platform encoding (UTF-8 actually) to copy filtered resources, i.e. build is platform dependent!
2025-06-17 10:34:12,500 [Worker-74: Building] INFO  o.e.m.c.i.embedder.EclipseLogger - Copying 18 resources
2025-06-17 10:34:12,501 [Worker-74: Building] WARN  o.e.m.c.i.embedder.EclipseLogger - Using platform encoding (UTF-8 actually) to copy filtered resources, i.e. build is platform dependent!
2025-06-17 10:34:12,501 [Worker-74: Building] INFO  o.e.m.c.i.embedder.EclipseLogger - Copying 0 resource
2025-06-17 10:34:24,484 [Worker-70: Building] WARN  o.e.m.c.i.embedder.EclipseLogger - Using platform encoding (UTF-8 actually) to copy filtered resources, i.e. build is platform dependent!
2025-06-17 10:34:24,486 [Worker-70: Building] INFO  o.e.m.c.i.embedder.EclipseLogger - Copying 18 resources
2025-06-17 10:34:24,487 [Worker-70: Building] WARN  o.e.m.c.i.embedder.EclipseLogger - Using platform encoding (UTF-8 actually) to copy filtered resources, i.e. build is platform dependent!
2025-06-17 10:34:24,488 [Worker-70: Building] INFO  o.e.m.c.i.embedder.EclipseLogger - Copying 0 resource
2025-06-17 10:34:33,416 [Worker-72: Building] WARN  o.e.m.c.i.embedder.EclipseLogger - Using platform encoding (UTF-8 actually) to copy filtered resources, i.e. build is platform dependent!
2025-06-17 10:34:33,417 [Worker-72: Building] INFO  o.e.m.c.i.embedder.EclipseLogger - Copying 18 resources
2025-06-17 10:34:33,418 [Worker-72: Building] WARN  o.e.m.c.i.embedder.EclipseLogger - Using platform encoding (UTF-8 actually) to copy filtered resources, i.e. build is platform dependent!
2025-06-17 10:34:33,419 [Worker-72: Building] INFO  o.e.m.c.i.embedder.EclipseLogger - Copying 0 resource
2025-06-17 10:37:30,519 [Worker-75: Building] WARN  o.e.m.c.i.embedder.EclipseLogger - Using platform encoding (UTF-8 actually) to copy filtered resources, i.e. build is platform dependent!
2025-06-17 10:37:30,520 [Worker-75: Building] INFO  o.e.m.c.i.embedder.EclipseLogger - Copying 18 resources
2025-06-17 10:37:30,522 [Worker-75: Building] WARN  o.e.m.c.i.embedder.EclipseLogger - Using platform encoding (UTF-8 actually) to copy filtered resources, i.e. build is platform dependent!
2025-06-17 10:37:30,523 [Worker-75: Building] INFO  o.e.m.c.i.embedder.EclipseLogger - Copying 0 resource
2025-06-17 10:37:33,868 [Worker-77: Building] WARN  o.e.m.c.i.embedder.EclipseLogger - Using platform encoding (UTF-8 actually) to copy filtered resources, i.e. build is platform dependent!
2025-06-17 10:37:33,869 [Worker-77: Building] INFO  o.e.m.c.i.embedder.EclipseLogger - Copying 0 resource
2025-06-17 10:37:33,869 [Worker-77: Building] WARN  o.e.m.c.i.embedder.EclipseLogger - Using platform encoding (UTF-8 actually) to copy filtered resources, i.e. build is platform dependent!
2025-06-17 10:37:33,870 [Worker-77: Building] INFO  o.e.m.c.i.embedder.EclipseLogger - Copying 0 resource
2025-06-17 10:39:14,515 [Worker-75: Building] WARN  o.e.m.c.i.embedder.EclipseLogger - Using platform encoding (UTF-8 actually) to copy filtered resources, i.e. build is platform dependent!
2025-06-17 10:39:14,516 [Worker-75: Building] INFO  o.e.m.c.i.embedder.EclipseLogger - Copying 18 resources
2025-06-17 10:39:14,518 [Worker-75: Building] WARN  o.e.m.c.i.embedder.EclipseLogger - Using platform encoding (UTF-8 actually) to copy filtered resources, i.e. build is platform dependent!
2025-06-17 10:39:14,518 [Worker-75: Building] INFO  o.e.m.c.i.embedder.EclipseLogger - Copying 0 resource
2025-06-17 10:41:20,324 [Worker-83: Building] WARN  o.e.m.c.i.embedder.EclipseLogger - Using platform encoding (UTF-8 actually) to copy filtered resources, i.e. build is platform dependent!
2025-06-17 10:41:20,326 [Worker-83: Building] INFO  o.e.m.c.i.embedder.EclipseLogger - Copying 18 resources
2025-06-17 10:41:20,329 [Worker-83: Building] WARN  o.e.m.c.i.embedder.EclipseLogger - Using platform encoding (UTF-8 actually) to copy filtered resources, i.e. build is platform dependent!
2025-06-17 10:41:20,330 [Worker-83: Building] INFO  o.e.m.c.i.embedder.EclipseLogger - Copying 0 resource
2025-06-17 10:41:42,172 [Worker-76: Building] WARN  o.e.m.c.i.embedder.EclipseLogger - Using platform encoding (UTF-8 actually) to copy filtered resources, i.e. build is platform dependent!
2025-06-17 10:41:42,174 [Worker-76: Building] INFO  o.e.m.c.i.embedder.EclipseLogger - Copying 18 resources
2025-06-17 10:41:42,175 [Worker-76: Building] WARN  o.e.m.c.i.embedder.EclipseLogger - Using platform encoding (UTF-8 actually) to copy filtered resources, i.e. build is platform dependent!
2025-06-17 10:41:42,176 [Worker-76: Building] INFO  o.e.m.c.i.embedder.EclipseLogger - Copying 0 resource
2025-06-17 11:06:01,578 [Worker-86: Building] WARN  o.e.m.c.i.embedder.EclipseLogger - Using platform encoding (UTF-8 actually) to copy filtered resources, i.e. build is platform dependent!
2025-06-17 11:06:01,579 [Worker-86: Building] INFO  o.e.m.c.i.embedder.EclipseLogger - Copying 0 resource
2025-06-17 11:06:01,579 [Worker-86: Building] WARN  o.e.m.c.i.embedder.EclipseLogger - Using platform encoding (UTF-8 actually) to copy filtered resources, i.e. build is platform dependent!
2025-06-17 11:06:01,579 [Worker-86: Building] INFO  o.e.m.c.i.embedder.EclipseLogger - Copying 0 resource
2025-06-17 11:08:33,759 [Worker-81: Building] WARN  o.e.m.c.i.embedder.EclipseLogger - Using platform encoding (UTF-8 actually) to copy filtered resources, i.e. build is platform dependent!
2025-06-17 11:08:33,761 [Worker-81: Building] INFO  o.e.m.c.i.embedder.EclipseLogger - Copying 18 resources
2025-06-17 11:08:33,762 [Worker-81: Building] WARN  o.e.m.c.i.embedder.EclipseLogger - Using platform encoding (UTF-8 actually) to copy filtered resources, i.e. build is platform dependent!
2025-06-17 11:08:33,762 [Worker-81: Building] INFO  o.e.m.c.i.embedder.EclipseLogger - Copying 0 resource
2025-06-17 11:12:15,397 [Worker-93: Building] WARN  o.e.m.c.i.embedder.EclipseLogger - Using platform encoding (UTF-8 actually) to copy filtered resources, i.e. build is platform dependent!
2025-06-17 11:12:15,398 [Worker-93: Building] INFO  o.e.m.c.i.embedder.EclipseLogger - Copying 18 resources
2025-06-17 11:12:15,400 [Worker-93: Building] WARN  o.e.m.c.i.embedder.EclipseLogger - Using platform encoding (UTF-8 actually) to copy filtered resources, i.e. build is platform dependent!
2025-06-17 11:12:15,400 [Worker-93: Building] INFO  o.e.m.c.i.embedder.EclipseLogger - Copying 0 resource
2025-06-17 11:13:58,074 [Worker-80: Building] WARN  o.e.m.c.i.embedder.EclipseLogger - Using platform encoding (UTF-8 actually) to copy filtered resources, i.e. build is platform dependent!
2025-06-17 11:13:58,075 [Worker-80: Building] INFO  o.e.m.c.i.embedder.EclipseLogger - Copying 18 resources
2025-06-17 11:13:58,077 [Worker-80: Building] WARN  o.e.m.c.i.embedder.EclipseLogger - Using platform encoding (UTF-8 actually) to copy filtered resources, i.e. build is platform dependent!
2025-06-17 11:13:58,077 [Worker-80: Building] INFO  o.e.m.c.i.embedder.EclipseLogger - Copying 0 resource
2025-06-17 11:14:56,569 [Worker-110: Building] WARN  o.e.m.c.i.embedder.EclipseLogger - Using platform encoding (UTF-8 actually) to copy filtered resources, i.e. build is platform dependent!
2025-06-17 11:14:56,570 [Worker-110: Building] INFO  o.e.m.c.i.embedder.EclipseLogger - Copying 18 resources
2025-06-17 11:14:56,571 [Worker-110: Building] WARN  o.e.m.c.i.embedder.EclipseLogger - Using platform encoding (UTF-8 actually) to copy filtered resources, i.e. build is platform dependent!
2025-06-17 11:14:56,571 [Worker-110: Building] INFO  o.e.m.c.i.embedder.EclipseLogger - Copying 0 resource
2025-06-17 11:15:00,300 [Worker-105: Building] WARN  o.e.m.c.i.embedder.EclipseLogger - Using platform encoding (UTF-8 actually) to copy filtered resources, i.e. build is platform dependent!
2025-06-17 11:15:00,301 [Worker-105: Building] INFO  o.e.m.c.i.embedder.EclipseLogger - Copying 18 resources
2025-06-17 11:15:00,302 [Worker-105: Building] WARN  o.e.m.c.i.embedder.EclipseLogger - Using platform encoding (UTF-8 actually) to copy filtered resources, i.e. build is platform dependent!
2025-06-17 11:15:00,303 [Worker-105: Building] INFO  o.e.m.c.i.embedder.EclipseLogger - Copying 0 resource
2025-06-17 11:22:51,786 [Worker-93: Building] WARN  o.e.m.c.i.embedder.EclipseLogger - Using platform encoding (UTF-8 actually) to copy filtered resources, i.e. build is platform dependent!
2025-06-17 11:22:51,788 [Worker-93: Building] INFO  o.e.m.c.i.embedder.EclipseLogger - Copying 18 resources
2025-06-17 11:22:51,789 [Worker-93: Building] WARN  o.e.m.c.i.embedder.EclipseLogger - Using platform encoding (UTF-8 actually) to copy filtered resources, i.e. build is platform dependent!
2025-06-17 11:22:51,790 [Worker-93: Building] INFO  o.e.m.c.i.embedder.EclipseLogger - Copying 0 resource
2025-06-17 11:25:01,687 [Worker-81: Building] WARN  o.e.m.c.i.embedder.EclipseLogger - Using platform encoding (UTF-8 actually) to copy filtered resources, i.e. build is platform dependent!
2025-06-17 11:25:01,689 [Worker-81: Building] INFO  o.e.m.c.i.embedder.EclipseLogger - Copying 18 resources
2025-06-17 11:25:01,691 [Worker-81: Building] WARN  o.e.m.c.i.embedder.EclipseLogger - Using platform encoding (UTF-8 actually) to copy filtered resources, i.e. build is platform dependent!
2025-06-17 11:25:01,691 [Worker-81: Building] INFO  o.e.m.c.i.embedder.EclipseLogger - Copying 0 resource
2025-06-17 11:32:16,016 [Worker-70: Building] WARN  o.e.m.c.i.embedder.EclipseLogger - Using platform encoding (UTF-8 actually) to copy filtered resources, i.e. build is platform dependent!
2025-06-17 11:32:16,018 [Worker-70: Building] INFO  o.e.m.c.i.embedder.EclipseLogger - Copying 18 resources
2025-06-17 11:32:16,020 [Worker-70: Building] WARN  o.e.m.c.i.embedder.EclipseLogger - Using platform encoding (UTF-8 actually) to copy filtered resources, i.e. build is platform dependent!
2025-06-17 11:32:16,021 [Worker-70: Building] INFO  o.e.m.c.i.embedder.EclipseLogger - Copying 0 resource
2025-06-17 11:32:52,225 [Worker-125: Building] WARN  o.e.m.c.i.embedder.EclipseLogger - Using platform encoding (UTF-8 actually) to copy filtered resources, i.e. build is platform dependent!
2025-06-17 11:32:52,227 [Worker-125: Building] INFO  o.e.m.c.i.embedder.EclipseLogger - Copying 18 resources
2025-06-17 11:32:52,228 [Worker-125: Building] WARN  o.e.m.c.i.embedder.EclipseLogger - Using platform encoding (UTF-8 actually) to copy filtered resources, i.e. build is platform dependent!
2025-06-17 11:32:52,228 [Worker-125: Building] INFO  o.e.m.c.i.embedder.EclipseLogger - Copying 0 resource
2025-06-17 11:38:23,743 [Worker-107: Building] WARN  o.e.m.c.i.embedder.EclipseLogger - Using platform encoding (UTF-8 actually) to copy filtered resources, i.e. build is platform dependent!
2025-06-17 11:38:23,743 [Worker-107: Building] INFO  o.e.m.c.i.embedder.EclipseLogger - Copying 0 resource
2025-06-17 11:38:23,748 [Worker-107: Building] WARN  o.e.m.c.i.embedder.EclipseLogger - Using platform encoding (UTF-8 actually) to copy filtered resources, i.e. build is platform dependent!
2025-06-17 11:38:23,748 [Worker-107: Building] INFO  o.e.m.c.i.embedder.EclipseLogger - Copying 0 resource
2025-06-17 11:38:53,226 [Worker-79: Building] WARN  o.e.m.c.i.embedder.EclipseLogger - Using platform encoding (UTF-8 actually) to copy filtered resources, i.e. build is platform dependent!
2025-06-17 11:38:53,226 [Worker-79: Building] INFO  o.e.m.c.i.embedder.EclipseLogger - Copying 0 resource
2025-06-17 11:38:53,227 [Worker-79: Building] WARN  o.e.m.c.i.embedder.EclipseLogger - Using platform encoding (UTF-8 actually) to copy filtered resources, i.e. build is platform dependent!
2025-06-17 11:38:53,227 [Worker-79: Building] INFO  o.e.m.c.i.embedder.EclipseLogger - Copying 0 resource
2025-06-17 11:39:09,839 [Worker-150: Building] WARN  o.e.m.c.i.embedder.EclipseLogger - Using platform encoding (UTF-8 actually) to copy filtered resources, i.e. build is platform dependent!
2025-06-17 11:39:09,840 [Worker-150: Building] INFO  o.e.m.c.i.embedder.EclipseLogger - Copying 0 resource
2025-06-17 11:39:09,840 [Worker-150: Building] WARN  o.e.m.c.i.embedder.EclipseLogger - Using platform encoding (UTF-8 actually) to copy filtered resources, i.e. build is platform dependent!
2025-06-17 11:39:09,840 [Worker-150: Building] INFO  o.e.m.c.i.embedder.EclipseLogger - Copying 0 resource
2025-06-17 11:39:36,592 [Worker-207: Building] WARN  o.e.m.c.i.embedder.EclipseLogger - Using platform encoding (UTF-8 actually) to copy filtered resources, i.e. build is platform dependent!
2025-06-17 11:39:36,592 [Worker-207: Building] INFO  o.e.m.c.i.embedder.EclipseLogger - Copying 0 resource
2025-06-17 11:39:36,593 [Worker-207: Building] WARN  o.e.m.c.i.embedder.EclipseLogger - Using platform encoding (UTF-8 actually) to copy filtered resources, i.e. build is platform dependent!
2025-06-17 11:39:36,594 [Worker-207: Building] INFO  o.e.m.c.i.embedder.EclipseLogger - Copying 0 resource
2025-06-17 12:04:43,379 [Worker-183: Building] WARN  o.e.m.c.i.embedder.EclipseLogger - Using platform encoding (UTF-8 actually) to copy filtered resources, i.e. build is platform dependent!
2025-06-17 12:04:43,382 [Worker-183: Building] INFO  o.e.m.c.i.embedder.EclipseLogger - Copying 18 resources
2025-06-17 12:04:43,383 [Worker-183: Building] WARN  o.e.m.c.i.embedder.EclipseLogger - Using platform encoding (UTF-8 actually) to copy filtered resources, i.e. build is platform dependent!
2025-06-17 12:04:43,383 [Worker-183: Building] INFO  o.e.m.c.i.embedder.EclipseLogger - Copying 0 resource
2025-06-17 12:06:12,339 [Worker-189: Building] WARN  o.e.m.c.i.embedder.EclipseLogger - Using platform encoding (UTF-8 actually) to copy filtered resources, i.e. build is platform dependent!
2025-06-17 12:06:12,339 [Worker-189: Building] INFO  o.e.m.c.i.embedder.EclipseLogger - Copying 0 resource
2025-06-17 12:06:12,340 [Worker-189: Building] WARN  o.e.m.c.i.embedder.EclipseLogger - Using platform encoding (UTF-8 actually) to copy filtered resources, i.e. build is platform dependent!
2025-06-17 12:06:12,340 [Worker-189: Building] INFO  o.e.m.c.i.embedder.EclipseLogger - Copying 0 resource
2025-06-17 12:13:56,156 [Worker-181: Building] WARN  o.e.m.c.i.embedder.EclipseLogger - Using platform encoding (UTF-8 actually) to copy filtered resources, i.e. build is platform dependent!
2025-06-17 12:13:56,157 [Worker-181: Building] INFO  o.e.m.c.i.embedder.EclipseLogger - Copying 0 resource
2025-06-17 12:13:56,157 [Worker-181: Building] WARN  o.e.m.c.i.embedder.EclipseLogger - Using platform encoding (UTF-8 actually) to copy filtered resources, i.e. build is platform dependent!
2025-06-17 12:13:56,157 [Worker-181: Building] INFO  o.e.m.c.i.embedder.EclipseLogger - Copying 0 resource
2025-06-17 12:15:30,618 [Worker-118: Building] WARN  o.e.m.c.i.embedder.EclipseLogger - Using platform encoding (UTF-8 actually) to copy filtered resources, i.e. build is platform dependent!
2025-06-17 12:15:30,619 [Worker-118: Building] INFO  o.e.m.c.i.embedder.EclipseLogger - Copying 0 resource
2025-06-17 12:15:30,620 [Worker-118: Building] WARN  o.e.m.c.i.embedder.EclipseLogger - Using platform encoding (UTF-8 actually) to copy filtered resources, i.e. build is platform dependent!
2025-06-17 12:15:30,620 [Worker-118: Building] INFO  o.e.m.c.i.embedder.EclipseLogger - Copying 0 resource
2025-06-17 12:15:43,588 [Worker-215: Building] WARN  o.e.m.c.i.embedder.EclipseLogger - Using platform encoding (UTF-8 actually) to copy filtered resources, i.e. build is platform dependent!
2025-06-17 12:15:43,588 [Worker-215: Building] INFO  o.e.m.c.i.embedder.EclipseLogger - Copying 0 resource
2025-06-17 12:15:43,589 [Worker-215: Building] WARN  o.e.m.c.i.embedder.EclipseLogger - Using platform encoding (UTF-8 actually) to copy filtered resources, i.e. build is platform dependent!
2025-06-17 12:15:43,589 [Worker-215: Building] INFO  o.e.m.c.i.embedder.EclipseLogger - Copying 0 resource
2025-06-17 12:18:13,441 [Worker-116: Building] WARN  o.e.m.c.i.embedder.EclipseLogger - Using platform encoding (UTF-8 actually) to copy filtered resources, i.e. build is platform dependent!
2025-06-17 12:18:13,443 [Worker-116: Building] INFO  o.e.m.c.i.embedder.EclipseLogger - Copying 18 resources
2025-06-17 12:18:13,444 [Worker-116: Building] WARN  o.e.m.c.i.embedder.EclipseLogger - Using platform encoding (UTF-8 actually) to copy filtered resources, i.e. build is platform dependent!
2025-06-17 12:18:13,445 [Worker-116: Building] INFO  o.e.m.c.i.embedder.EclipseLogger - Copying 0 resource
2025-06-17 12:20:15,048 [Worker-92: Building] WARN  o.e.m.c.i.embedder.EclipseLogger - Using platform encoding (UTF-8 actually) to copy filtered resources, i.e. build is platform dependent!
2025-06-17 12:20:15,050 [Worker-92: Building] INFO  o.e.m.c.i.embedder.EclipseLogger - Copying 18 resources
2025-06-17 12:20:15,051 [Worker-92: Building] WARN  o.e.m.c.i.embedder.EclipseLogger - Using platform encoding (UTF-8 actually) to copy filtered resources, i.e. build is platform dependent!
2025-06-17 12:20:15,052 [Worker-92: Building] INFO  o.e.m.c.i.embedder.EclipseLogger - Copying 0 resource
2025-06-17 12:41:09,588 [Worker-224: Building] WARN  o.e.m.c.i.embedder.EclipseLogger - Using platform encoding (UTF-8 actually) to copy filtered resources, i.e. build is platform dependent!
2025-06-17 12:41:09,589 [Worker-224: Building] INFO  o.e.m.c.i.embedder.EclipseLogger - Copying 18 resources
2025-06-17 12:41:09,591 [Worker-224: Building] WARN  o.e.m.c.i.embedder.EclipseLogger - Using platform encoding (UTF-8 actually) to copy filtered resources, i.e. build is platform dependent!
2025-06-17 12:41:09,591 [Worker-224: Building] INFO  o.e.m.c.i.embedder.EclipseLogger - Copying 0 resource
2025-06-17 12:44:57,452 [Worker-189: Building] WARN  o.e.m.c.i.embedder.EclipseLogger - Using platform encoding (UTF-8 actually) to copy filtered resources, i.e. build is platform dependent!
2025-06-17 12:44:57,454 [Worker-189: Building] INFO  o.e.m.c.i.embedder.EclipseLogger - Copying 18 resources
2025-06-17 12:44:57,455 [Worker-189: Building] WARN  o.e.m.c.i.embedder.EclipseLogger - Using platform encoding (UTF-8 actually) to copy filtered resources, i.e. build is platform dependent!
2025-06-17 12:44:57,455 [Worker-189: Building] INFO  o.e.m.c.i.embedder.EclipseLogger - Copying 0 resource
2025-06-17 14:07:45,208 [Worker-308: Building] WARN  o.e.m.c.i.embedder.EclipseLogger - Using platform encoding (UTF-8 actually) to copy filtered resources, i.e. build is platform dependent!
2025-06-17 14:07:45,209 [Worker-308: Building] INFO  o.e.m.c.i.embedder.EclipseLogger - Copying 0 resource
2025-06-17 14:07:45,209 [Worker-308: Building] WARN  o.e.m.c.i.embedder.EclipseLogger - Using platform encoding (UTF-8 actually) to copy filtered resources, i.e. build is platform dependent!
2025-06-17 14:07:45,209 [Worker-308: Building] INFO  o.e.m.c.i.embedder.EclipseLogger - Copying 0 resource
2025-06-17 14:08:22,202 [Worker-357: Building] WARN  o.e.m.c.i.embedder.EclipseLogger - Using platform encoding (UTF-8 actually) to copy filtered resources, i.e. build is platform dependent!
2025-06-17 14:08:22,202 [Worker-357: Building] INFO  o.e.m.c.i.embedder.EclipseLogger - Copying 0 resource
2025-06-17 14:08:22,203 [Worker-357: Building] WARN  o.e.m.c.i.embedder.EclipseLogger - Using platform encoding (UTF-8 actually) to copy filtered resources, i.e. build is platform dependent!
2025-06-17 14:08:22,203 [Worker-357: Building] INFO  o.e.m.c.i.embedder.EclipseLogger - Copying 0 resource
2025-06-17 14:14:08,969 [Worker-187: Building] WARN  o.e.m.c.i.embedder.EclipseLogger - Using platform encoding (UTF-8 actually) to copy filtered resources, i.e. build is platform dependent!
2025-06-17 14:14:08,969 [Worker-187: Building] INFO  o.e.m.c.i.embedder.EclipseLogger - Copying 0 resource
2025-06-17 14:14:08,970 [Worker-187: Building] WARN  o.e.m.c.i.embedder.EclipseLogger - Using platform encoding (UTF-8 actually) to copy filtered resources, i.e. build is platform dependent!
2025-06-17 14:14:08,971 [Worker-187: Building] INFO  o.e.m.c.i.embedder.EclipseLogger - Copying 0 resource
2025-06-17 14:16:25,293 [Worker-342: Building] WARN  o.e.m.c.i.embedder.EclipseLogger - Using platform encoding (UTF-8 actually) to copy filtered resources, i.e. build is platform dependent!
2025-06-17 14:16:25,294 [Worker-342: Building] INFO  o.e.m.c.i.embedder.EclipseLogger - Copying 0 resource
2025-06-17 14:16:25,294 [Worker-342: Building] WARN  o.e.m.c.i.embedder.EclipseLogger - Using platform encoding (UTF-8 actually) to copy filtered resources, i.e. build is platform dependent!
2025-06-17 14:16:25,294 [Worker-342: Building] INFO  o.e.m.c.i.embedder.EclipseLogger - Copying 0 resource
2025-06-17 14:18:35,989 [Worker-405: Building] WARN  o.e.m.c.i.embedder.EclipseLogger - Using platform encoding (UTF-8 actually) to copy filtered resources, i.e. build is platform dependent!
2025-06-17 14:18:35,990 [Worker-405: Building] INFO  o.e.m.c.i.embedder.EclipseLogger - Copying 0 resource
2025-06-17 14:18:35,990 [Worker-405: Building] WARN  o.e.m.c.i.embedder.EclipseLogger - Using platform encoding (UTF-8 actually) to copy filtered resources, i.e. build is platform dependent!
2025-06-17 14:18:35,990 [Worker-405: Building] INFO  o.e.m.c.i.embedder.EclipseLogger - Copying 0 resource
2025-06-17 14:18:47,735 [Worker-408: Building] WARN  o.e.m.c.i.embedder.EclipseLogger - Using platform encoding (UTF-8 actually) to copy filtered resources, i.e. build is platform dependent!
2025-06-17 14:18:47,736 [Worker-408: Building] INFO  o.e.m.c.i.embedder.EclipseLogger - Copying 0 resource
2025-06-17 14:18:47,736 [Worker-408: Building] WARN  o.e.m.c.i.embedder.EclipseLogger - Using platform encoding (UTF-8 actually) to copy filtered resources, i.e. build is platform dependent!
2025-06-17 14:18:47,736 [Worker-408: Building] INFO  o.e.m.c.i.embedder.EclipseLogger - Copying 0 resource
2025-06-17 14:21:35,379 [Worker-454: Building] WARN  o.e.m.c.i.embedder.EclipseLogger - Using platform encoding (UTF-8 actually) to copy filtered resources, i.e. build is platform dependent!
2025-06-17 14:21:35,379 [Worker-454: Building] INFO  o.e.m.c.i.embedder.EclipseLogger - Copying 0 resource
2025-06-17 14:21:35,380 [Worker-454: Building] WARN  o.e.m.c.i.embedder.EclipseLogger - Using platform encoding (UTF-8 actually) to copy filtered resources, i.e. build is platform dependent!
2025-06-17 14:21:35,380 [Worker-454: Building] INFO  o.e.m.c.i.embedder.EclipseLogger - Copying 0 resource
2025-06-17 14:22:59,631 [Worker-399: Building] WARN  o.e.m.c.i.embedder.EclipseLogger - Using platform encoding (UTF-8 actually) to copy filtered resources, i.e. build is platform dependent!
2025-06-17 14:22:59,632 [Worker-399: Building] INFO  o.e.m.c.i.embedder.EclipseLogger - Copying 0 resource
2025-06-17 14:22:59,632 [Worker-399: Building] WARN  o.e.m.c.i.embedder.EclipseLogger - Using platform encoding (UTF-8 actually) to copy filtered resources, i.e. build is platform dependent!
2025-06-17 14:22:59,632 [Worker-399: Building] INFO  o.e.m.c.i.embedder.EclipseLogger - Copying 0 resource
2025-06-17 14:23:43,518 [Worker-434: Building] WARN  o.e.m.c.i.embedder.EclipseLogger - Using platform encoding (UTF-8 actually) to copy filtered resources, i.e. build is platform dependent!
2025-06-17 14:23:43,518 [Worker-434: Building] INFO  o.e.m.c.i.embedder.EclipseLogger - Copying 0 resource
2025-06-17 14:23:43,519 [Worker-434: Building] WARN  o.e.m.c.i.embedder.EclipseLogger - Using platform encoding (UTF-8 actually) to copy filtered resources, i.e. build is platform dependent!
2025-06-17 14:23:43,519 [Worker-434: Building] INFO  o.e.m.c.i.embedder.EclipseLogger - Copying 0 resource
2025-06-17 14:23:47,600 [Worker-383: Building] WARN  o.e.m.c.i.embedder.EclipseLogger - Using platform encoding (UTF-8 actually) to copy filtered resources, i.e. build is platform dependent!
2025-06-17 14:23:47,602 [Worker-383: Building] INFO  o.e.m.c.i.embedder.EclipseLogger - Copying 0 resource
2025-06-17 14:23:47,602 [Worker-383: Building] WARN  o.e.m.c.i.embedder.EclipseLogger - Using platform encoding (UTF-8 actually) to copy filtered resources, i.e. build is platform dependent!
2025-06-17 14:23:47,602 [Worker-383: Building] INFO  o.e.m.c.i.embedder.EclipseLogger - Copying 0 resource
2025-06-17 14:25:55,547 [Worker-469: Building] WARN  o.e.m.c.i.embedder.EclipseLogger - Using platform encoding (UTF-8 actually) to copy filtered resources, i.e. build is platform dependent!
2025-06-17 14:25:55,548 [Worker-469: Building] INFO  o.e.m.c.i.embedder.EclipseLogger - Copying 0 resource
2025-06-17 14:25:55,548 [Worker-469: Building] WARN  o.e.m.c.i.embedder.EclipseLogger - Using platform encoding (UTF-8 actually) to copy filtered resources, i.e. build is platform dependent!
2025-06-17 14:25:55,549 [Worker-469: Building] INFO  o.e.m.c.i.embedder.EclipseLogger - Copying 0 resource
2025-06-17 14:26:30,440 [Worker-499: Building] WARN  o.e.m.c.i.embedder.EclipseLogger - Using platform encoding (UTF-8 actually) to copy filtered resources, i.e. build is platform dependent!
2025-06-17 14:26:30,440 [Worker-499: Building] INFO  o.e.m.c.i.embedder.EclipseLogger - Copying 0 resource
2025-06-17 14:26:30,441 [Worker-499: Building] WARN  o.e.m.c.i.embedder.EclipseLogger - Using platform encoding (UTF-8 actually) to copy filtered resources, i.e. build is platform dependent!
2025-06-17 14:26:30,441 [Worker-499: Building] INFO  o.e.m.c.i.embedder.EclipseLogger - Copying 0 resource
2025-06-17 14:28:25,272 [Worker-505: Building] WARN  o.e.m.c.i.embedder.EclipseLogger - Using platform encoding (UTF-8 actually) to copy filtered resources, i.e. build is platform dependent!
2025-06-17 14:28:25,273 [Worker-505: Building] INFO  o.e.m.c.i.embedder.EclipseLogger - Copying 0 resource
2025-06-17 14:28:25,273 [Worker-505: Building] WARN  o.e.m.c.i.embedder.EclipseLogger - Using platform encoding (UTF-8 actually) to copy filtered resources, i.e. build is platform dependent!
2025-06-17 14:28:25,273 [Worker-505: Building] INFO  o.e.m.c.i.embedder.EclipseLogger - Copying 0 resource
2025-06-17 14:29:24,278 [Worker-506: Building] WARN  o.e.m.c.i.embedder.EclipseLogger - Using platform encoding (UTF-8 actually) to copy filtered resources, i.e. build is platform dependent!
2025-06-17 14:29:24,279 [Worker-506: Building] INFO  o.e.m.c.i.embedder.EclipseLogger - Copying 0 resource
2025-06-17 14:29:24,279 [Worker-506: Building] WARN  o.e.m.c.i.embedder.EclipseLogger - Using platform encoding (UTF-8 actually) to copy filtered resources, i.e. build is platform dependent!
2025-06-17 14:29:24,279 [Worker-506: Building] INFO  o.e.m.c.i.embedder.EclipseLogger - Copying 0 resource
2025-06-17 14:31:11,009 [Worker-562: Building] WARN  o.e.m.c.i.embedder.EclipseLogger - Using platform encoding (UTF-8 actually) to copy filtered resources, i.e. build is platform dependent!
2025-06-17 14:31:11,009 [Worker-562: Building] INFO  o.e.m.c.i.embedder.EclipseLogger - Copying 0 resource
2025-06-17 14:31:11,010 [Worker-562: Building] WARN  o.e.m.c.i.embedder.EclipseLogger - Using platform encoding (UTF-8 actually) to copy filtered resources, i.e. build is platform dependent!
2025-06-17 14:31:11,010 [Worker-562: Building] INFO  o.e.m.c.i.embedder.EclipseLogger - Copying 0 resource
2025-06-17 14:32:02,852 [Worker-432: Building] WARN  o.e.m.c.i.embedder.EclipseLogger - Using platform encoding (UTF-8 actually) to copy filtered resources, i.e. build is platform dependent!
2025-06-17 14:32:02,852 [Worker-432: Building] INFO  o.e.m.c.i.embedder.EclipseLogger - Copying 0 resource
2025-06-17 14:32:02,853 [Worker-432: Building] WARN  o.e.m.c.i.embedder.EclipseLogger - Using platform encoding (UTF-8 actually) to copy filtered resources, i.e. build is platform dependent!
2025-06-17 14:32:02,857 [Worker-432: Building] INFO  o.e.m.c.i.embedder.EclipseLogger - Copying 0 resource
2025-06-17 14:32:58,212 [Worker-571: Building] WARN  o.e.m.c.i.embedder.EclipseLogger - Using platform encoding (UTF-8 actually) to copy filtered resources, i.e. build is platform dependent!
2025-06-17 14:32:58,212 [Worker-571: Building] INFO  o.e.m.c.i.embedder.EclipseLogger - Copying 0 resource
2025-06-17 14:32:58,214 [Worker-571: Building] WARN  o.e.m.c.i.embedder.EclipseLogger - Using platform encoding (UTF-8 actually) to copy filtered resources, i.e. build is platform dependent!
2025-06-17 14:32:58,214 [Worker-571: Building] INFO  o.e.m.c.i.embedder.EclipseLogger - Copying 0 resource
2025-06-17 14:38:55,903 [Worker-674: Building] WARN  o.e.m.c.i.embedder.EclipseLogger - Using platform encoding (UTF-8 actually) to copy filtered resources, i.e. build is platform dependent!
2025-06-17 14:38:55,904 [Worker-674: Building] INFO  o.e.m.c.i.embedder.EclipseLogger - Copying 0 resource
2025-06-17 14:38:55,904 [Worker-674: Building] WARN  o.e.m.c.i.embedder.EclipseLogger - Using platform encoding (UTF-8 actually) to copy filtered resources, i.e. build is platform dependent!
2025-06-17 14:38:55,904 [Worker-674: Building] INFO  o.e.m.c.i.embedder.EclipseLogger - Copying 0 resource
2025-06-17 14:39:46,028 [Worker-688: Building] WARN  o.e.m.c.i.embedder.EclipseLogger - Using platform encoding (UTF-8 actually) to copy filtered resources, i.e. build is platform dependent!
2025-06-17 14:39:46,029 [Worker-688: Building] INFO  o.e.m.c.i.embedder.EclipseLogger - Copying 0 resource
2025-06-17 14:39:46,029 [Worker-688: Building] WARN  o.e.m.c.i.embedder.EclipseLogger - Using platform encoding (UTF-8 actually) to copy filtered resources, i.e. build is platform dependent!
2025-06-17 14:39:46,030 [Worker-688: Building] INFO  o.e.m.c.i.embedder.EclipseLogger - Copying 0 resource
2025-06-17 14:40:47,688 [Worker-709: Building] WARN  o.e.m.c.i.embedder.EclipseLogger - Using platform encoding (UTF-8 actually) to copy filtered resources, i.e. build is platform dependent!
2025-06-17 14:40:47,689 [Worker-709: Building] INFO  o.e.m.c.i.embedder.EclipseLogger - Copying 0 resource
2025-06-17 14:40:47,689 [Worker-709: Building] WARN  o.e.m.c.i.embedder.EclipseLogger - Using platform encoding (UTF-8 actually) to copy filtered resources, i.e. build is platform dependent!
2025-06-17 14:40:47,690 [Worker-709: Building] INFO  o.e.m.c.i.embedder.EclipseLogger - Copying 0 resource
2025-06-17 14:42:06,982 [Worker-577: Building] WARN  o.e.m.c.i.embedder.EclipseLogger - Using platform encoding (UTF-8 actually) to copy filtered resources, i.e. build is platform dependent!
2025-06-17 14:42:06,988 [Worker-577: Building] INFO  o.e.m.c.i.embedder.EclipseLogger - Copying 0 resource
2025-06-17 14:42:06,988 [Worker-577: Building] WARN  o.e.m.c.i.embedder.EclipseLogger - Using platform encoding (UTF-8 actually) to copy filtered resources, i.e. build is platform dependent!
2025-06-17 14:42:06,989 [Worker-577: Building] INFO  o.e.m.c.i.embedder.EclipseLogger - Copying 0 resource
2025-06-17 14:42:46,612 [Worker-691: Building] WARN  o.e.m.c.i.embedder.EclipseLogger - Using platform encoding (UTF-8 actually) to copy filtered resources, i.e. build is platform dependent!
2025-06-17 14:42:46,612 [Worker-691: Building] INFO  o.e.m.c.i.embedder.EclipseLogger - Copying 0 resource
2025-06-17 14:42:46,614 [Worker-691: Building] WARN  o.e.m.c.i.embedder.EclipseLogger - Using platform encoding (UTF-8 actually) to copy filtered resources, i.e. build is platform dependent!
2025-06-17 14:42:46,614 [Worker-691: Building] INFO  o.e.m.c.i.embedder.EclipseLogger - Copying 0 resource
2025-06-17 15:01:53,857 [Worker-717: Building] WARN  o.e.m.c.i.embedder.EclipseLogger - Using platform encoding (UTF-8 actually) to copy filtered resources, i.e. build is platform dependent!
2025-06-17 15:01:53,858 [Worker-717: Building] INFO  o.e.m.c.i.embedder.EclipseLogger - Copying 0 resource
2025-06-17 15:01:53,858 [Worker-717: Building] WARN  o.e.m.c.i.embedder.EclipseLogger - Using platform encoding (UTF-8 actually) to copy filtered resources, i.e. build is platform dependent!
2025-06-17 15:01:53,859 [Worker-717: Building] INFO  o.e.m.c.i.embedder.EclipseLogger - Copying 0 resource
2025-06-17 15:03:45,764 [Worker-715: Building] WARN  o.e.m.c.i.embedder.EclipseLogger - Using platform encoding (UTF-8 actually) to copy filtered resources, i.e. build is platform dependent!
2025-06-17 15:03:45,765 [Worker-715: Building] INFO  o.e.m.c.i.embedder.EclipseLogger - Copying 0 resource
2025-06-17 15:03:45,765 [Worker-715: Building] WARN  o.e.m.c.i.embedder.EclipseLogger - Using platform encoding (UTF-8 actually) to copy filtered resources, i.e. build is platform dependent!
2025-06-17 15:03:45,765 [Worker-715: Building] INFO  o.e.m.c.i.embedder.EclipseLogger - Copying 0 resource
2025-06-17 15:04:19,208 [Worker-653: Building] WARN  o.e.m.c.i.embedder.EclipseLogger - Using platform encoding (UTF-8 actually) to copy filtered resources, i.e. build is platform dependent!
2025-06-17 15:04:19,208 [Worker-653: Building] INFO  o.e.m.c.i.embedder.EclipseLogger - Copying 0 resource
2025-06-17 15:04:19,210 [Worker-653: Building] WARN  o.e.m.c.i.embedder.EclipseLogger - Using platform encoding (UTF-8 actually) to copy filtered resources, i.e. build is platform dependent!
2025-06-17 15:04:19,210 [Worker-653: Building] INFO  o.e.m.c.i.embedder.EclipseLogger - Copying 0 resource
2025-06-17 15:06:09,830 [Worker-736: Building] WARN  o.e.m.c.i.embedder.EclipseLogger - Using platform encoding (UTF-8 actually) to copy filtered resources, i.e. build is platform dependent!
2025-06-17 15:06:09,831 [Worker-736: Building] INFO  o.e.m.c.i.embedder.EclipseLogger - Copying 18 resources
2025-06-17 15:06:09,832 [Worker-736: Building] WARN  o.e.m.c.i.embedder.EclipseLogger - Using platform encoding (UTF-8 actually) to copy filtered resources, i.e. build is platform dependent!
2025-06-17 15:06:09,832 [Worker-736: Building] INFO  o.e.m.c.i.embedder.EclipseLogger - Copying 0 resource
2025-06-17 15:08:26,655 [Worker-713: Building] WARN  o.e.m.c.i.embedder.EclipseLogger - Using platform encoding (UTF-8 actually) to copy filtered resources, i.e. build is platform dependent!
2025-06-17 15:08:26,656 [Worker-713: Building] INFO  o.e.m.c.i.embedder.EclipseLogger - Copying 0 resource
2025-06-17 15:08:26,657 [Worker-713: Building] WARN  o.e.m.c.i.embedder.EclipseLogger - Using platform encoding (UTF-8 actually) to copy filtered resources, i.e. build is platform dependent!
2025-06-17 15:08:26,657 [Worker-713: Building] INFO  o.e.m.c.i.embedder.EclipseLogger - Copying 0 resource
2025-06-17 15:09:18,018 [Worker-741: Building] WARN  o.e.m.c.i.embedder.EclipseLogger - Using platform encoding (UTF-8 actually) to copy filtered resources, i.e. build is platform dependent!
2025-06-17 15:09:18,018 [Worker-741: Building] INFO  o.e.m.c.i.embedder.EclipseLogger - Copying 0 resource
2025-06-17 15:09:18,020 [Worker-741: Building] WARN  o.e.m.c.i.embedder.EclipseLogger - Using platform encoding (UTF-8 actually) to copy filtered resources, i.e. build is platform dependent!
2025-06-17 15:09:18,020 [Worker-741: Building] INFO  o.e.m.c.i.embedder.EclipseLogger - Copying 0 resource
2025-06-17 15:09:28,913 [Worker-681: Building] WARN  o.e.m.c.i.embedder.EclipseLogger - Using platform encoding (UTF-8 actually) to copy filtered resources, i.e. build is platform dependent!
2025-06-17 15:09:28,915 [Worker-681: Building] INFO  o.e.m.c.i.embedder.EclipseLogger - Copying 18 resources
2025-06-17 15:09:28,916 [Worker-681: Building] WARN  o.e.m.c.i.embedder.EclipseLogger - Using platform encoding (UTF-8 actually) to copy filtered resources, i.e. build is platform dependent!
2025-06-17 15:09:28,917 [Worker-681: Building] INFO  o.e.m.c.i.embedder.EclipseLogger - Copying 0 resource
2025-06-17 15:10:46,225 [Worker-728: Building] WARN  o.e.m.c.i.embedder.EclipseLogger - Using platform encoding (UTF-8 actually) to copy filtered resources, i.e. build is platform dependent!
2025-06-17 15:10:46,225 [Worker-728: Building] INFO  o.e.m.c.i.embedder.EclipseLogger - Copying 0 resource
2025-06-17 15:10:46,226 [Worker-728: Building] WARN  o.e.m.c.i.embedder.EclipseLogger - Using platform encoding (UTF-8 actually) to copy filtered resources, i.e. build is platform dependent!
2025-06-17 15:10:46,226 [Worker-728: Building] INFO  o.e.m.c.i.embedder.EclipseLogger - Copying 0 resource
2025-06-17 15:11:06,715 [Worker-687: Building] WARN  o.e.m.c.i.embedder.EclipseLogger - Using platform encoding (UTF-8 actually) to copy filtered resources, i.e. build is platform dependent!
2025-06-17 15:11:06,715 [Worker-687: Building] INFO  o.e.m.c.i.embedder.EclipseLogger - Copying 0 resource
2025-06-17 15:11:06,715 [Worker-687: Building] WARN  o.e.m.c.i.embedder.EclipseLogger - Using platform encoding (UTF-8 actually) to copy filtered resources, i.e. build is platform dependent!
2025-06-17 15:11:06,716 [Worker-687: Building] INFO  o.e.m.c.i.embedder.EclipseLogger - Copying 0 resource
2025-06-17 15:18:38,860 [Worker-595: Building] WARN  o.e.m.c.i.embedder.EclipseLogger - Using platform encoding (UTF-8 actually) to copy filtered resources, i.e. build is platform dependent!
2025-06-17 15:18:38,860 [Worker-595: Building] INFO  o.e.m.c.i.embedder.EclipseLogger - Copying 0 resource
2025-06-17 15:18:38,861 [Worker-595: Building] WARN  o.e.m.c.i.embedder.EclipseLogger - Using platform encoding (UTF-8 actually) to copy filtered resources, i.e. build is platform dependent!
2025-06-17 15:18:38,861 [Worker-595: Building] INFO  o.e.m.c.i.embedder.EclipseLogger - Copying 0 resource
2025-06-17 15:27:42,887 [Worker-783: Building] WARN  o.e.m.c.i.embedder.EclipseLogger - Using platform encoding (UTF-8 actually) to copy filtered resources, i.e. build is platform dependent!
2025-06-17 15:27:42,887 [Worker-783: Building] INFO  o.e.m.c.i.embedder.EclipseLogger - Copying 0 resource
2025-06-17 15:27:42,888 [Worker-783: Building] WARN  o.e.m.c.i.embedder.EclipseLogger - Using platform encoding (UTF-8 actually) to copy filtered resources, i.e. build is platform dependent!
2025-06-17 15:27:42,888 [Worker-783: Building] INFO  o.e.m.c.i.embedder.EclipseLogger - Copying 0 resource
2025-06-17 15:29:18,750 [Worker-804: Building] WARN  o.e.m.c.i.embedder.EclipseLogger - Using platform encoding (UTF-8 actually) to copy filtered resources, i.e. build is platform dependent!
2025-06-17 15:29:18,751 [Worker-804: Building] INFO  o.e.m.c.i.embedder.EclipseLogger - Copying 0 resource
2025-06-17 15:29:18,751 [Worker-804: Building] WARN  o.e.m.c.i.embedder.EclipseLogger - Using platform encoding (UTF-8 actually) to copy filtered resources, i.e. build is platform dependent!
2025-06-17 15:29:18,752 [Worker-804: Building] INFO  o.e.m.c.i.embedder.EclipseLogger - Copying 0 resource
2025-06-17 15:29:50,135 [Worker-748: Building] WARN  o.e.m.c.i.embedder.EclipseLogger - Using platform encoding (UTF-8 actually) to copy filtered resources, i.e. build is platform dependent!
2025-06-17 15:29:50,135 [Worker-748: Building] INFO  o.e.m.c.i.embedder.EclipseLogger - Copying 0 resource
2025-06-17 15:29:50,136 [Worker-748: Building] WARN  o.e.m.c.i.embedder.EclipseLogger - Using platform encoding (UTF-8 actually) to copy filtered resources, i.e. build is platform dependent!
2025-06-17 15:29:50,136 [Worker-748: Building] INFO  o.e.m.c.i.embedder.EclipseLogger - Copying 0 resource
2025-06-17 15:30:48,701 [Worker-852: Building] WARN  o.e.m.c.i.embedder.EclipseLogger - Using platform encoding (UTF-8 actually) to copy filtered resources, i.e. build is platform dependent!
2025-06-17 15:30:48,702 [Worker-852: Building] INFO  o.e.m.c.i.embedder.EclipseLogger - Copying 0 resource
2025-06-17 15:30:48,702 [Worker-852: Building] WARN  o.e.m.c.i.embedder.EclipseLogger - Using platform encoding (UTF-8 actually) to copy filtered resources, i.e. build is platform dependent!
2025-06-17 15:30:48,702 [Worker-852: Building] INFO  o.e.m.c.i.embedder.EclipseLogger - Copying 0 resource
2025-06-17 15:39:16,744 [Worker-852: Building] WARN  o.e.m.c.i.embedder.EclipseLogger - Using platform encoding (UTF-8 actually) to copy filtered resources, i.e. build is platform dependent!
2025-06-17 15:39:16,745 [Worker-852: Building] INFO  o.e.m.c.i.embedder.EclipseLogger - Copying 0 resource
2025-06-17 15:39:16,746 [Worker-852: Building] WARN  o.e.m.c.i.embedder.EclipseLogger - Using platform encoding (UTF-8 actually) to copy filtered resources, i.e. build is platform dependent!
2025-06-17 15:39:16,746 [Worker-852: Building] INFO  o.e.m.c.i.embedder.EclipseLogger - Copying 0 resource
2025-06-17 15:41:08,065 [Worker-853: Building] WARN  o.e.m.c.i.embedder.EclipseLogger - Using platform encoding (UTF-8 actually) to copy filtered resources, i.e. build is platform dependent!
2025-06-17 15:41:08,066 [Worker-853: Building] INFO  o.e.m.c.i.embedder.EclipseLogger - Copying 0 resource
2025-06-17 15:41:08,066 [Worker-853: Building] WARN  o.e.m.c.i.embedder.EclipseLogger - Using platform encoding (UTF-8 actually) to copy filtered resources, i.e. build is platform dependent!
2025-06-17 15:41:08,067 [Worker-853: Building] INFO  o.e.m.c.i.embedder.EclipseLogger - Copying 0 resource
2025-06-17 15:41:23,635 [Worker-800: Building] WARN  o.e.m.c.i.embedder.EclipseLogger - Using platform encoding (UTF-8 actually) to copy filtered resources, i.e. build is platform dependent!
2025-06-17 15:41:23,636 [Worker-800: Building] INFO  o.e.m.c.i.embedder.EclipseLogger - Copying 0 resource
2025-06-17 15:41:23,637 [Worker-800: Building] WARN  o.e.m.c.i.embedder.EclipseLogger - Using platform encoding (UTF-8 actually) to copy filtered resources, i.e. build is platform dependent!
2025-06-17 15:41:23,637 [Worker-800: Building] INFO  o.e.m.c.i.embedder.EclipseLogger - Copying 0 resource
2025-06-17 16:02:56,379 [Worker-820: Building] WARN  o.e.m.c.i.embedder.EclipseLogger - Using platform encoding (UTF-8 actually) to copy filtered resources, i.e. build is platform dependent!
2025-06-17 16:02:56,379 [Worker-820: Building] INFO  o.e.m.c.i.embedder.EclipseLogger - Copying 0 resource
2025-06-17 16:02:56,380 [Worker-820: Building] WARN  o.e.m.c.i.embedder.EclipseLogger - Using platform encoding (UTF-8 actually) to copy filtered resources, i.e. build is platform dependent!
2025-06-17 16:02:56,380 [Worker-820: Building] INFO  o.e.m.c.i.embedder.EclipseLogger - Copying 0 resource
2025-06-17 16:04:01,171 [Worker-904: Building] WARN  o.e.m.c.i.embedder.EclipseLogger - Using platform encoding (UTF-8 actually) to copy filtered resources, i.e. build is platform dependent!
2025-06-17 16:04:01,171 [Worker-904: Building] INFO  o.e.m.c.i.embedder.EclipseLogger - Copying 0 resource
2025-06-17 16:04:01,172 [Worker-904: Building] WARN  o.e.m.c.i.embedder.EclipseLogger - Using platform encoding (UTF-8 actually) to copy filtered resources, i.e. build is platform dependent!
2025-06-17 16:04:01,172 [Worker-904: Building] INFO  o.e.m.c.i.embedder.EclipseLogger - Copying 0 resource
2025-06-17 16:05:27,105 [Worker-887: Building] WARN  o.e.m.c.i.embedder.EclipseLogger - Using platform encoding (UTF-8 actually) to copy filtered resources, i.e. build is platform dependent!
2025-06-17 16:05:27,105 [Worker-887: Building] INFO  o.e.m.c.i.embedder.EclipseLogger - Copying 0 resource
2025-06-17 16:05:27,106 [Worker-887: Building] WARN  o.e.m.c.i.embedder.EclipseLogger - Using platform encoding (UTF-8 actually) to copy filtered resources, i.e. build is platform dependent!
2025-06-17 16:05:27,106 [Worker-887: Building] INFO  o.e.m.c.i.embedder.EclipseLogger - Copying 0 resource
2025-06-17 16:07:35,976 [Worker-895: Building] WARN  o.e.m.c.i.embedder.EclipseLogger - Using platform encoding (UTF-8 actually) to copy filtered resources, i.e. build is platform dependent!
2025-06-17 16:07:35,976 [Worker-895: Building] INFO  o.e.m.c.i.embedder.EclipseLogger - Copying 0 resource
2025-06-17 16:07:35,977 [Worker-895: Building] WARN  o.e.m.c.i.embedder.EclipseLogger - Using platform encoding (UTF-8 actually) to copy filtered resources, i.e. build is platform dependent!
2025-06-17 16:07:35,977 [Worker-895: Building] INFO  o.e.m.c.i.embedder.EclipseLogger - Copying 0 resource
2025-06-17 16:07:47,598 [Worker-952: Building] WARN  o.e.m.c.i.embedder.EclipseLogger - Using platform encoding (UTF-8 actually) to copy filtered resources, i.e. build is platform dependent!
2025-06-17 16:07:47,598 [Worker-952: Building] INFO  o.e.m.c.i.embedder.EclipseLogger - Copying 0 resource
2025-06-17 16:07:47,599 [Worker-952: Building] WARN  o.e.m.c.i.embedder.EclipseLogger - Using platform encoding (UTF-8 actually) to copy filtered resources, i.e. build is platform dependent!
2025-06-17 16:07:47,599 [Worker-952: Building] INFO  o.e.m.c.i.embedder.EclipseLogger - Copying 0 resource
2025-06-17 16:11:47,507 [Worker-954: Building] WARN  o.e.m.c.i.embedder.EclipseLogger - Using platform encoding (UTF-8 actually) to copy filtered resources, i.e. build is platform dependent!
2025-06-17 16:11:47,508 [Worker-954: Building] INFO  o.e.m.c.i.embedder.EclipseLogger - Copying 0 resource
2025-06-17 16:11:47,508 [Worker-954: Building] WARN  o.e.m.c.i.embedder.EclipseLogger - Using platform encoding (UTF-8 actually) to copy filtered resources, i.e. build is platform dependent!
2025-06-17 16:11:47,509 [Worker-954: Building] INFO  o.e.m.c.i.embedder.EclipseLogger - Copying 0 resource
2025-06-17 16:13:06,276 [Worker-988: Building] WARN  o.e.m.c.i.embedder.EclipseLogger - Using platform encoding (UTF-8 actually) to copy filtered resources, i.e. build is platform dependent!
2025-06-17 16:13:06,277 [Worker-988: Building] INFO  o.e.m.c.i.embedder.EclipseLogger - Copying 0 resource
2025-06-17 16:13:06,277 [Worker-988: Building] WARN  o.e.m.c.i.embedder.EclipseLogger - Using platform encoding (UTF-8 actually) to copy filtered resources, i.e. build is platform dependent!
2025-06-17 16:13:06,277 [Worker-988: Building] INFO  o.e.m.c.i.embedder.EclipseLogger - Copying 0 resource
2025-06-17 16:13:14,211 [Worker-920: Building] WARN  o.e.m.c.i.embedder.EclipseLogger - Using platform encoding (UTF-8 actually) to copy filtered resources, i.e. build is platform dependent!
2025-06-17 16:13:14,211 [Worker-920: Building] INFO  o.e.m.c.i.embedder.EclipseLogger - Copying 0 resource
2025-06-17 16:13:14,212 [Worker-920: Building] WARN  o.e.m.c.i.embedder.EclipseLogger - Using platform encoding (UTF-8 actually) to copy filtered resources, i.e. build is platform dependent!
2025-06-17 16:13:14,212 [Worker-920: Building] INFO  o.e.m.c.i.embedder.EclipseLogger - Copying 0 resource
2025-06-17 16:17:05,705 [Worker-978: Building] WARN  o.e.m.c.i.embedder.EclipseLogger - Using platform encoding (UTF-8 actually) to copy filtered resources, i.e. build is platform dependent!
2025-06-17 16:17:05,706 [Worker-978: Building] INFO  o.e.m.c.i.embedder.EclipseLogger - Copying 0 resource
2025-06-17 16:17:05,708 [Worker-978: Building] WARN  o.e.m.c.i.embedder.EclipseLogger - Using platform encoding (UTF-8 actually) to copy filtered resources, i.e. build is platform dependent!
2025-06-17 16:17:05,708 [Worker-978: Building] INFO  o.e.m.c.i.embedder.EclipseLogger - Copying 0 resource
2025-06-17 16:18:46,313 [Worker-1002: Building] WARN  o.e.m.c.i.embedder.EclipseLogger - Using platform encoding (UTF-8 actually) to copy filtered resources, i.e. build is platform dependent!
2025-06-17 16:18:46,313 [Worker-1002: Building] INFO  o.e.m.c.i.embedder.EclipseLogger - Copying 0 resource
2025-06-17 16:18:46,314 [Worker-1002: Building] WARN  o.e.m.c.i.embedder.EclipseLogger - Using platform encoding (UTF-8 actually) to copy filtered resources, i.e. build is platform dependent!
2025-06-17 16:18:46,314 [Worker-1002: Building] INFO  o.e.m.c.i.embedder.EclipseLogger - Copying 0 resource
2025-06-17 16:22:38,660 [Worker-978: Building] WARN  o.e.m.c.i.embedder.EclipseLogger - Using platform encoding (UTF-8 actually) to copy filtered resources, i.e. build is platform dependent!
2025-06-17 16:22:38,660 [Worker-978: Building] INFO  o.e.m.c.i.embedder.EclipseLogger - Copying 0 resource
2025-06-17 16:22:38,661 [Worker-978: Building] WARN  o.e.m.c.i.embedder.EclipseLogger - Using platform encoding (UTF-8 actually) to copy filtered resources, i.e. build is platform dependent!
2025-06-17 16:22:38,661 [Worker-978: Building] INFO  o.e.m.c.i.embedder.EclipseLogger - Copying 0 resource
2025-06-17 16:24:08,091 [Worker-978: Building] WARN  o.e.m.c.i.embedder.EclipseLogger - Using platform encoding (UTF-8 actually) to copy filtered resources, i.e. build is platform dependent!
2025-06-17 16:24:08,092 [Worker-978: Building] INFO  o.e.m.c.i.embedder.EclipseLogger - Copying 0 resource
2025-06-17 16:24:08,092 [Worker-978: Building] WARN  o.e.m.c.i.embedder.EclipseLogger - Using platform encoding (UTF-8 actually) to copy filtered resources, i.e. build is platform dependent!
2025-06-17 16:24:08,092 [Worker-978: Building] INFO  o.e.m.c.i.embedder.EclipseLogger - Copying 0 resource
2025-06-17 16:27:09,514 [Worker-978: Building] WARN  o.e.m.c.i.embedder.EclipseLogger - Using platform encoding (UTF-8 actually) to copy filtered resources, i.e. build is platform dependent!
2025-06-17 16:27:09,515 [Worker-978: Building] INFO  o.e.m.c.i.embedder.EclipseLogger - Copying 0 resource
2025-06-17 16:27:09,515 [Worker-978: Building] WARN  o.e.m.c.i.embedder.EclipseLogger - Using platform encoding (UTF-8 actually) to copy filtered resources, i.e. build is platform dependent!
2025-06-17 16:27:09,515 [Worker-978: Building] INFO  o.e.m.c.i.embedder.EclipseLogger - Copying 0 resource
2025-06-17 16:29:49,632 [Worker-1041: Building] WARN  o.e.m.c.i.embedder.EclipseLogger - Using platform encoding (UTF-8 actually) to copy filtered resources, i.e. build is platform dependent!
2025-06-17 16:29:49,632 [Worker-1041: Building] INFO  o.e.m.c.i.embedder.EclipseLogger - Copying 0 resource
2025-06-17 16:29:49,633 [Worker-1041: Building] WARN  o.e.m.c.i.embedder.EclipseLogger - Using platform encoding (UTF-8 actually) to copy filtered resources, i.e. build is platform dependent!
2025-06-17 16:29:49,633 [Worker-1041: Building] INFO  o.e.m.c.i.embedder.EclipseLogger - Copying 0 resource
2025-06-17 16:30:20,024 [Worker-1076: Building] WARN  o.e.m.c.i.embedder.EclipseLogger - Using platform encoding (UTF-8 actually) to copy filtered resources, i.e. build is platform dependent!
2025-06-17 16:30:20,025 [Worker-1076: Building] INFO  o.e.m.c.i.embedder.EclipseLogger - Copying 0 resource
2025-06-17 16:30:20,025 [Worker-1076: Building] WARN  o.e.m.c.i.embedder.EclipseLogger - Using platform encoding (UTF-8 actually) to copy filtered resources, i.e. build is platform dependent!
2025-06-17 16:30:20,025 [Worker-1076: Building] INFO  o.e.m.c.i.embedder.EclipseLogger - Copying 0 resource
2025-06-17 16:31:18,934 [Worker-1053: Building] WARN  o.e.m.c.i.embedder.EclipseLogger - Using platform encoding (UTF-8 actually) to copy filtered resources, i.e. build is platform dependent!
2025-06-17 16:31:18,935 [Worker-1053: Building] INFO  o.e.m.c.i.embedder.EclipseLogger - Copying 0 resource
2025-06-17 16:31:18,935 [Worker-1053: Building] WARN  o.e.m.c.i.embedder.EclipseLogger - Using platform encoding (UTF-8 actually) to copy filtered resources, i.e. build is platform dependent!
2025-06-17 16:31:18,935 [Worker-1053: Building] INFO  o.e.m.c.i.embedder.EclipseLogger - Copying 0 resource
2025-06-17 16:32:33,327 [Worker-1112: Building] WARN  o.e.m.c.i.embedder.EclipseLogger - Using platform encoding (UTF-8 actually) to copy filtered resources, i.e. build is platform dependent!
2025-06-17 16:32:33,327 [Worker-1112: Building] INFO  o.e.m.c.i.embedder.EclipseLogger - Copying 0 resource
2025-06-17 16:32:33,329 [Worker-1112: Building] WARN  o.e.m.c.i.embedder.EclipseLogger - Using platform encoding (UTF-8 actually) to copy filtered resources, i.e. build is platform dependent!
2025-06-17 16:32:33,329 [Worker-1112: Building] INFO  o.e.m.c.i.embedder.EclipseLogger - Copying 0 resource
2025-06-17 16:34:27,092 [Worker-1220: Building] WARN  o.e.m.c.i.embedder.EclipseLogger - Using platform encoding (UTF-8 actually) to copy filtered resources, i.e. build is platform dependent!
2025-06-17 16:34:27,092 [Worker-1220: Building] INFO  o.e.m.c.i.embedder.EclipseLogger - Copying 0 resource
2025-06-17 16:34:27,093 [Worker-1220: Building] WARN  o.e.m.c.i.embedder.EclipseLogger - Using platform encoding (UTF-8 actually) to copy filtered resources, i.e. build is platform dependent!
2025-06-17 16:34:27,093 [Worker-1220: Building] INFO  o.e.m.c.i.embedder.EclipseLogger - Copying 0 resource
2025-06-17 16:34:50,592 [Worker-1183: Building] WARN  o.e.m.c.i.embedder.EclipseLogger - Using platform encoding (UTF-8 actually) to copy filtered resources, i.e. build is platform dependent!
2025-06-17 16:34:50,593 [Worker-1183: Building] INFO  o.e.m.c.i.embedder.EclipseLogger - Copying 0 resource
2025-06-17 16:34:50,593 [Worker-1183: Building] WARN  o.e.m.c.i.embedder.EclipseLogger - Using platform encoding (UTF-8 actually) to copy filtered resources, i.e. build is platform dependent!
2025-06-17 16:34:50,594 [Worker-1183: Building] INFO  o.e.m.c.i.embedder.EclipseLogger - Copying 0 resource
2025-06-17 16:35:28,461 [Worker-1239: Building] WARN  o.e.m.c.i.embedder.EclipseLogger - Using platform encoding (UTF-8 actually) to copy filtered resources, i.e. build is platform dependent!
2025-06-17 16:35:28,462 [Worker-1239: Building] INFO  o.e.m.c.i.embedder.EclipseLogger - Copying 0 resource
2025-06-17 16:35:28,462 [Worker-1239: Building] WARN  o.e.m.c.i.embedder.EclipseLogger - Using platform encoding (UTF-8 actually) to copy filtered resources, i.e. build is platform dependent!
2025-06-17 16:35:28,462 [Worker-1239: Building] INFO  o.e.m.c.i.embedder.EclipseLogger - Copying 0 resource
2025-06-17 16:41:15,702 [Worker-1082: Building] WARN  o.e.m.c.i.embedder.EclipseLogger - Using platform encoding (UTF-8 actually) to copy filtered resources, i.e. build is platform dependent!
2025-06-17 16:41:15,704 [Worker-1082: Building] INFO  o.e.m.c.i.embedder.EclipseLogger - Copying 0 resource
2025-06-17 16:41:15,704 [Worker-1082: Building] WARN  o.e.m.c.i.embedder.EclipseLogger - Using platform encoding (UTF-8 actually) to copy filtered resources, i.e. build is platform dependent!
2025-06-17 16:41:15,705 [Worker-1082: Building] INFO  o.e.m.c.i.embedder.EclipseLogger - Copying 0 resource
